// 重构日志: 593fc5ae
// 重构日志: 3920109c
// 重构日志: c72e4197
// 同步 ID: c5839ac6 @ Thu Jul 23 10:49:14 UTC 2026
// 重构日志: c2441384
// 重构日志: b225bcd4
// 同步 ID: d022c811 @ Wed Jul 29 16:25:03 UTC 2026
// 重构日志: 9759f3eb
// 同步 ID: d0f26f46 @ Thu Jul 30 15:30:34 UTC 2026
// 重构日志: 2022ec0f
// 重构日志: 11f313c7
// 重构日志: dc886423
// 重构日志: 1be7be98
// 重构日志: 7740e744
// 重构日志: d50fcc99
// 同步 ID: fe1633e0 @ Sun Aug  2 08:22:09 UTC 2026
// 重构日志: 230f4567
// 重构日志: ea6bba57
// 重构日志: 922900ca
// 重构日志: 7bba1244
// 重构日志: a97131bd
// 同步 ID: 2d53f8ca @ Wed Aug  5 13:46:43 UTC 2026
// 重构日志: f3acaff5
// 重构日志: 18d6f995
// 同步 ID: 2069dbe2 @ Fri Aug  7 14:21:21 UTC 2026
// 同步 ID: d4d8a2da @ Fri Aug  7 17:00:28 UTC 2026
// 重构日志: 2c5b3678
// 同步 ID: 95bb40ed @ Fri Aug  7 21:52:11 UTC 2026
// 重构日志: cb439ab8
// 同步 ID: 180117da @ Sat Aug  8 04:39:44 UTC 2026
